2026-02-01 16:48:14,171 | INFO | === FRED FETCH PIPELINE START ===
2026-02-01 16:48:14,172 | INFO | [daily] Fetching FRED series DGS2 from 2010-01-01...
2026-02-01 16:48:15,805 | INFO | [daily] Fetched DGS2 rows=4020 latest_date=2026-01-29
2026-02-01 16:48:15,805 | INFO | [daily] Fetching FRED series EFFR from 2010-01-01...
2026-02-01 16:48:16,885 | INFO | [daily] Fetched EFFR rows=4037 latest_date=2026-01-29
2026-02-01 16:48:16,885 | INFO | [daily] Fetching FRED series ECBDFR from 2010-01-01...
2026-02-01 16:48:18,254 | INFO | [daily] Fetched ECBDFR rows=5874 latest_date=2026-01-30
2026-02-01 16:48:18,255 | INFO | [daily] Fetching FRED series ECBESTRVOLWGTTRMDMNRT from 2010-01-01...
2026-02-01 16:48:19,471 | INFO | [daily] Fetched ECBESTRVOLWGTTRMDMNRT rows=1622 latest_date=2026-01-29
2026-02-01 16:48:19,472 | INFO | [daily] Fetching FRED series DTWEXBGS from 2010-01-01...
2026-02-01 16:48:20,754 | INFO | [daily] Fetched DTWEXBGS rows=3997 latest_date=2026-01-23
2026-02-01 16:48:20,754 | INFO | [daily] Fetching FRED series VIXCLS from 2010-01-01...
2026-02-01 16:48:21,776 | INFO | [daily] Fetched VIXCLS rows=4071 latest_date=2026-01-29
2026-02-01 16:48:21,812 | INFO | [daily] Saved snapshot: C:\Users\iidogpon\Documents\GitHub\eurusd-swing-bias-bot\python\Data\raw_data\fred\daily\20260201_094814.json
2026-02-01 16:48:21,817 | INFO | [daily] Wrote manifest latest: C:\Users\iidogpon\Documents\GitHub\eurusd-swing-bias-bot\python\Data\raw_data\fred\daily\fetch_manifest.json
2026-02-01 16:48:21,817 | INFO | [daily] Wrote manifest archive: C:\Users\iidogpon\Documents\GitHub\eurusd-swing-bias-bot\python\Data\raw_data\fred\daily\fetch_manifest_20260201.json
2026-02-01 16:48:21,820 | INFO | === FRED FETCH PIPELINE END ===
2026-02-01 16:49:32,505 | INFO | === FRED FETCH PIPELINE START ===
2026-02-01 16:49:32,508 | INFO | [monthly] Fetching FRED series DGS2 from 2010-01-01...
2026-02-01 16:49:33,793 | INFO | [monthly] Fetched DGS2 rows=4020 latest_date=2026-01-29
2026-02-01 16:49:33,793 | INFO | [monthly] Fetching FRED series EFFR from 2010-01-01...
2026-02-01 16:49:34,904 | INFO | [monthly] Fetched EFFR rows=4037 latest_date=2026-01-29
2026-02-01 16:49:34,905 | INFO | [monthly] Fetching FRED series ECBDFR from 2010-01-01...
2026-02-01 16:49:35,959 | INFO | [monthly] Fetched ECBDFR rows=5874 latest_date=2026-01-30
2026-02-01 16:49:35,959 | INFO | [monthly] Fetching FRED series ECBESTRVOLWGTTRMDMNRT from 2010-01-01...
2026-02-01 16:49:36,898 | INFO | [monthly] Fetched ECBESTRVOLWGTTRMDMNRT rows=1622 latest_date=2026-01-29
2026-02-01 16:49:36,899 | INFO | [monthly] Fetching FRED series DTWEXBGS from 2010-01-01...
2026-02-01 16:49:38,313 | INFO | [monthly] Fetched DTWEXBGS rows=3997 latest_date=2026-01-23
2026-02-01 16:49:38,313 | INFO | [monthly] Fetching FRED series VIXCLS from 2010-01-01...
2026-02-01 16:49:39,526 | INFO | [monthly] Fetched VIXCLS rows=4071 latest_date=2026-01-29
2026-02-01 16:49:39,526 | INFO | [monthly] Fetching FRED series DGS10 from 2010-01-01...
2026-02-01 16:49:40,813 | INFO | [monthly] Fetched DGS10 rows=4020 latest_date=2026-01-29
2026-02-01 16:49:40,813 | INFO | [monthly] Fetching FRED series DFII10 from 2010-01-01...
2026-02-01 16:49:42,061 | INFO | [monthly] Fetched DFII10 rows=4020 latest_date=2026-01-29
2026-02-01 16:49:42,061 | INFO | [monthly] Fetching FRED series BAMLH0A0HYM2 from 2010-01-01...
2026-02-01 16:49:43,402 | INFO | [monthly] Fetched BAMLH0A0HYM2 rows=4198 latest_date=2026-01-29
2026-02-01 16:49:43,403 | INFO | [monthly] Fetching FRED series T10YIE from 2010-01-01...
2026-02-01 16:49:44,470 | INFO | [monthly] Fetched T10YIE rows=4021 latest_date=2026-01-30
2026-02-01 16:49:44,470 | INFO | [monthly] Fetching FRED series CPILFESL from 2010-01-01...
2026-02-01 16:49:45,411 | INFO | [monthly] Fetched CPILFESL rows=191 latest_date=2025-12-01
2026-02-01 16:49:45,411 | INFO | [monthly] Fetching FRED series PAYEMS from 2010-01-01...
2026-02-01 16:49:46,424 | INFO | [monthly] Fetched PAYEMS rows=192 latest_date=2025-12-01
2026-02-01 16:49:46,488 | INFO | [monthly] Saved snapshot: C:\Users\iidogpon\Documents\GitHub\eurusd-swing-bias-bot\python\Data\raw_data\fred\monthly\20260201_094932.json
2026-02-01 16:49:46,492 | INFO | [monthly] Wrote manifest latest: C:\Users\iidogpon\Documents\GitHub\eurusd-swing-bias-bot\python\Data\raw_data\fred\monthly\fetch_manifest.json
2026-02-01 16:49:46,493 | INFO | [monthly] Wrote manifest archive: C:\Users\iidogpon\Documents\GitHub\eurusd-swing-bias-bot\python\Data\raw_data\fred\monthly\fetch_manifest_20260201.json
2026-02-01 16:49:46,496 | INFO | === FRED FETCH PIPELINE END ===
2026-02-01 16:49:56,671 | INFO | === FRED FETCH PIPELINE START ===
2026-02-01 16:49:56,674 | INFO | [weekly] Fetching FRED series DGS2 from 2010-01-01...
2026-02-01 16:49:57,904 | INFO | [weekly] Fetched DGS2 rows=4020 latest_date=2026-01-29
2026-02-01 16:49:57,904 | INFO | [weekly] Fetching FRED series EFFR from 2010-01-01...
2026-02-01 16:49:58,999 | INFO | [weekly] Fetched EFFR rows=4037 latest_date=2026-01-29
2026-02-01 16:49:58,999 | INFO | [weekly] Fetching FRED series ECBDFR from 2010-01-01...
2026-02-01 16:50:00,249 | INFO | [weekly] Fetched ECBDFR rows=5874 latest_date=2026-01-30
2026-02-01 16:50:00,250 | INFO | [weekly] Fetching FRED series ECBESTRVOLWGTTRMDMNRT from 2010-01-01...
2026-02-01 16:50:01,501 | INFO | [weekly] Fetched ECBESTRVOLWGTTRMDMNRT rows=1622 latest_date=2026-01-29
2026-02-01 16:50:01,501 | INFO | [weekly] Fetching FRED series DTWEXBGS from 2010-01-01...
2026-02-01 16:50:02,612 | INFO | [weekly] Fetched DTWEXBGS rows=3997 latest_date=2026-01-23
2026-02-01 16:50:02,612 | INFO | [weekly] Fetching FRED series VIXCLS from 2010-01-01...
2026-02-01 16:50:03,748 | INFO | [weekly] Fetched VIXCLS rows=4071 latest_date=2026-01-29
2026-02-01 16:50:03,749 | INFO | [weekly] Fetching FRED series DGS10 from 2010-01-01...
2026-02-01 16:50:05,055 | INFO | [weekly] Fetched DGS10 rows=4020 latest_date=2026-01-29
2026-02-01 16:50:05,056 | INFO | [weekly] Fetching FRED series DFII10 from 2010-01-01...
2026-02-01 16:50:06,282 | INFO | [weekly] Fetched DFII10 rows=4020 latest_date=2026-01-29
2026-02-01 16:50:06,283 | INFO | [weekly] Fetching FRED series BAMLH0A0HYM2 from 2010-01-01...
2026-02-01 16:50:07,308 | INFO | [weekly] Fetched BAMLH0A0HYM2 rows=4198 latest_date=2026-01-29
2026-02-01 16:50:07,308 | INFO | [weekly] Fetching FRED series T10YIE from 2010-01-01...
2026-02-01 16:50:08,639 | INFO | [weekly] Fetched T10YIE rows=4021 latest_date=2026-01-30
2026-02-01 16:50:08,717 | INFO | [weekly] Saved snapshot: C:\Users\iidogpon\Documents\GitHub\eurusd-swing-bias-bot\python\Data\raw_data\fred\weekly\20260201_094956.json
2026-02-01 16:50:08,721 | INFO | [weekly] Wrote manifest latest: C:\Users\iidogpon\Documents\GitHub\eurusd-swing-bias-bot\python\Data\raw_data\fred\weekly\fetch_manifest.json
2026-02-01 16:50:08,721 | INFO | [weekly] Wrote manifest archive: C:\Users\iidogpon\Documents\GitHub\eurusd-swing-bias-bot\python\Data\raw_data\fred\weekly\fetch_manifest_20260201.json
2026-02-01 16:50:08,725 | INFO | === FRED FETCH PIPELINE END ===
